[0;34m===== SMS Backend Testing Suite =====[0m
API URL: http://localhost:8000
Testing timestamp: Mon Jun  8 08:40:27 PM GMT 2026


[1;33m[1] Database & Auth Tests[0m
Testing: User Registration ... Testing: User Login ... [0;31m✗ Could not extract token from login response[0m
Login response: Testing: User Login ... [0;32m✓ PASS[0m (HTTP 200)
{"success":true,"message":"Login successful","data":{"token":"eyJ0eXAiOiJKV1QiLCJhbGciOiJIUzI1NiJ9.eyJpZCI6MSwiZW1haWwiOiJ0ZXN0QGV4YW1wbGUuY29tIiwicm9sZSI6ImFkbWluIiwiaWF0IjoxNzgwOTUxMjI3LCJleHAiOjE3ODA5NTQ4Mjd9.7OHRlKxWZIr8gztFzRl_1V6OUsefVzcM2PLvvW6JxN0","user":{"id":1,"name":"Test User","email":"test@example.com","role":"admin","created_at":"2026-06-02 20:48:28","updated_at":"2026-06-08 20:40:07"}}}
